30 request(s); system prompt 21,469 chars (cached)
  gittin_18              user prompt 57,359 chars
  berakhot_31b           user prompt 94,136 chars
  bava_metzia_11         user prompt 67,866 chars
  bava_batra_84          user prompt 55,142 chars
  niddah_60              user prompt 91,590 chars
  kiddushin_2            user prompt 61,562 chars
  sanhedrin_6b           user prompt 59,976 chars
  yevamot_33             user prompt 71,323 chars
  hullin_88              user prompt 65,130 chars
  shabbat_21             user prompt 70,483 chars
Submitted batch msgbatch_01NscQJmDDD3PAfFys7GgizJ
  in_progress: succeeded=0 processing=30 errored=0
  in_progress: succeeded=0 processing=30 errored=0
  in_progress: succeeded=0 processing=30 errored=0
  in_progress: succeeded=0 processing=30 errored=0
  in_progress: succeeded=0 processing=30 errored=0
  in_progress: succeeded=0 processing=30 errored=0
  in_progress: succeeded=0 processing=30 errored=0
  in_progress: succeeded=0 processing=30 errored=0
  in_progress: succeeded=0 processing=30 errored=0
  in_progress: succeeded=0 processing=30 errored=0
  in_progress: succeeded=0 processing=30 errored=0
  in_progress: succeeded=0 processing=30 errored=0
  in_progress: succeeded=0 processing=30 errored=0
  in_progress: succeeded=0 processing=30 errored=0
  in_progress: succeeded=0 processing=30 errored=0
  in_progress: succeeded=0 processing=30 errored=0
  in_progress: succeeded=0 processing=30 errored=0
  in_progress: succeeded=0 processing=30 errored=0
  in_progress: succeeded=0 processing=30 errored=0
  in_progress: succeeded=0 processing=30 errored=0
  in_progress: succeeded=0 processing=30 errored=0
  in_progress: succeeded=0 processing=30 errored=0
  in_progress: succeeded=0 processing=30 errored=0
  in_progress: succeeded=0 processing=30 errored=0
  in_progress: succeeded=0 processing=30 errored=0
  in_progress: succeeded=0 processing=30 errored=0
  in_progress: succeeded=0 processing=30 errored=0
  in_progress: succeeded=0 processing=30 errored=0
  in_progress: succeeded=0 processing=30 errored=0
  in_progress: succeeded=0 processing=30 errored=0
  in_progress: succeeded=0 processing=30 errored=0
  in_progress: succeeded=0 processing=30 errored=0
  in_progress: succeeded=0 processing=30 errored=0
  in_progress: succeeded=0 processing=30 errored=0
  in_progress: succeeded=0 processing=30 errored=0
  in_progress: succeeded=0 processing=30 errored=0
  in_progress: succeeded=0 processing=30 errored=0
  in_progress: succeeded=0 processing=30 errored=0
  in_progress: succeeded=0 processing=30 errored=0
  in_progress: succeeded=0 processing=30 errored=0
  in_progress: succeeded=0 processing=30 errored=0
  in_progress: succeeded=0 processing=30 errored=0
  in_progress: succeeded=0 processing=30 errored=0
  in_progress: succeeded=0 processing=30 errored=0
  in_progress: succeeded=0 processing=30 errored=0
  in_progress: succeeded=0 processing=30 errored=0
  in_progress: succeeded=0 processing=30 errored=0
  in_progress: succeeded=0 processing=30 errored=0
  in_progress: succeeded=0 processing=30 errored=0
  in_progress: succeeded=0 processing=30 errored=0
  in_progress: succeeded=0 processing=30 errored=0
  in_progress: succeeded=0 processing=30 errored=0
  in_progress: succeeded=0 processing=30 errored=0
  in_progress: succeeded=0 processing=30 errored=0
  in_progress: succeeded=0 processing=30 errored=0
  in_progress: succeeded=0 processing=30 errored=0
  in_progress: succeeded=0 processing=30 errored=0
  in_progress: succeeded=0 processing=30 errored=0
  in_progress: succeeded=0 processing=30 errored=0
  in_progress: succeeded=0 processing=30 errored=0
  in_progress: succeeded=0 processing=30 errored=0
  in_progress: succeeded=0 processing=30 errored=0
  in_progress: succeeded=0 processing=30 errored=0
  in_progress: succeeded=0 processing=30 errored=0
  in_progress: succeeded=0 processing=30 errored=0
  in_progress: succeeded=0 processing=30 errored=0
  in_progress: succeeded=0 processing=30 errored=0
  in_progress: succeeded=0 processing=30 errored=0
  in_progress: succeeded=0 processing=30 errored=0
  in_progress: succeeded=0 processing=30 errored=0
  in_progress: succeeded=0 processing=30 errored=0
  in_progress: succeeded=0 processing=30 errored=0
  in_progress: succeeded=0 processing=30 errored=0
  in_progress: succeeded=0 processing=30 errored=0
  in_progress: succeeded=0 processing=30 errored=0
  in_progress: succeeded=0 processing=30 errored=0
  in_progress: succeeded=0 processing=30 errored=0
  in_progress: succeeded=0 processing=30 errored=0
  in_progress: succeeded=0 processing=30 errored=0
  in_progress: succeeded=0 processing=30 errored=0
  in_progress: succeeded=0 processing=30 errored=0
  in_progress: succeeded=0 processing=30 errored=0
  in_progress: succeeded=0 processing=30 errored=0
  in_progress: succeeded=0 processing=30 errored=0
  in_progress: succeeded=0 processing=30 errored=0
  in_progress: succeeded=0 processing=30 errored=0
  in_progress: succeeded=0 processing=30 errored=0
  in_progress: succeeded=0 processing=30 errored=0
  in_progress: succeeded=0 processing=30 errored=0
  in_progress: succeeded=0 processing=30 errored=0
  in_progress: succeeded=0 processing=30 errored=0
  in_progress: succeeded=0 processing=30 errored=0
  in_progress: succeeded=0 processing=30 errored=0
  in_progress: succeeded=0 processing=30 errored=0
  in_progress: succeeded=0 processing=30 errored=0
  in_progress: succeeded=0 processing=30 errored=0
  in_progress: succeeded=0 processing=30 errored=0
  in_progress: succeeded=0 processing=30 errored=0
  in_progress: succeeded=0 processing=30 errored=0
  in_progress: succeeded=0 processing=30 errored=0
  in_progress: succeeded=0 processing=30 errored=0
  in_progress: succeeded=0 processing=30 errored=0
  in_progress: succeeded=0 processing=30 errored=0
  in_progress: succeeded=0 processing=30 errored=0
  in_progress: succeeded=0 processing=30 errored=0
  in_progress: succeeded=0 processing=30 errored=0
  in_progress: succeeded=0 processing=30 errored=0
  in_progress: succeeded=0 processing=30 errored=0
  in_progress: succeeded=0 processing=30 errored=0
  in_progress: succeeded=0 processing=30 errored=0
  in_progress: succeeded=0 processing=30 errored=0
  in_progress: succeeded=0 processing=30 errored=0
  in_progress: succeeded=0 processing=30 errored=0
  in_progress: succeeded=0 processing=30 errored=0
  in_progress: succeeded=0 processing=30 errored=0
  in_progress: succeeded=0 processing=30 errored=0
  in_progress: succeeded=0 processing=30 errored=0
  in_progress: succeeded=0 processing=30 errored=0
  in_progress: succeeded=0 processing=30 errored=0
  in_progress: succeeded=0 processing=30 errored=0
  in_progress: succeeded=0 processing=30 errored=0
  in_progress: succeeded=0 processing=30 errored=0
  in_progress: succeeded=0 processing=30 errored=0
